"https://api.bitbucket.org/2.0/repositories/atlassian/atlassian-oauth/pullrequests/35"