// Jest Snapshot v1, https://goo.gl/fbAQLP

exports[`pullRequestParticipantBulkStore should preserve all the thing 1`] = `
Array [
  Object {
    "author": "https://api.bitbucket.org/2.0/users/lpater",
    "date": "2017-03-07T15:11:57.673660+00:00",
    "pullRequestURL": "https://api.bitbucket.org/2.0/repositories/atlassian/atlassian-oauth/pullrequests/34",
    "type": "participant",
  },
  Object {
    "author": "https://api.bitbucket.org/2.0/users/ppetrowski",
    "date": "2017-02-27T15:31:22.497552+00:00",
    "pullRequestURL": "https://api.bitbucket.org/2.0/repositories/atlassian/atlassian-oauth/pullrequests/34",
    "type": "author",
  },
]
`;
